/ip dns static add name=*.ua type=FWD address-list=allow-domains forward-to=localhost
/ip dns static add name=10minutemail.com type=FWD address-list=allow-domains match-subdomain=yes forward-to=localhost
/ip dns static add name=1337x.to type=FWD address-list=allow-domains match-subdomain=yes forward-to=localhost
/ip dns static add name=24.kg type=FWD address-list=allow-domains match-subdomain=yes forward-to=localhost
/ip dns static add name=4freerussia.org type=FWD address-list=allow-domains match-subdomain=yes forward-to=localhost
/ip dns static add name=4pda.to type=FWD address-list=allow-domains match-subdomain=yes forward-to=localhost
/ip dns static add name=4pda.ws type=FWD address-list=allow-domains match-subdomain=yes forward-to=localhost
/ip dns static add name=4pna.com type=FWD address-list=allow-domains match-subdomain=yes forward-to=localhost
/ip dns static add name=5sim.net type=FWD address-list=allow-domains match-subdomain=yes forward-to=localhost
/ip dns static add name=7dniv.rv.ua type=FWD address-list=allow-domains match-subdomain=yes forward-to=localhost
/ip dns static add name=7tv.app type=FWD address-list=allow-domains match-subdomain=yes forward-to=localhost
/ip dns static add name=7tv.io type=FWD address-list=allow-domains match-subdomain=yes forward-to=localhost
/ip dns static add name=9tv.co.il type=FWD address-list=allow-domains match-subdomain=yes forward-to=localhost
/ip dns static add name=a-vrv.akamaized.net type=FWD address-list=allow-domains match-subdomain=yes forward-to=localhost
/ip dns static add name=abercrombie.com type=FWD address-list=allow-domains match-subdomain=yes forward-to=localhost
/ip dns static add name=abook-club.ru type=FWD address-list=allow-domains match-subdomain=yes forward-to=localhost
/ip dns static add name=academy.terrasoft.ua type=FWD address-list=allow-domains match-subdomain=yes forward-to=localhost
/ip dns static add name=activatica.org type=FWD address-list=allow-domains match-subdomain=yes forward-to=localhost
/ip dns static add name=adguard.com type=FWD address-list=allow-domains match-subdomain=yes forward-to=localhost
/ip dns static add name=adidas.com type=FWD address-list=allow-domains match-subdomain=yes forward-to=localhost
/ip dns static add name=adminforge.de type=FWD address-list=allow-domains match-subdomain=yes forward-to=localhost
/ip dns static add name=adobe.com type=FWD address-list=allow-domains match-subdomain=yes forward-to=localhost
/ip dns static add name=ads-twitter.com type=FWD address-list=allow-domains match-subdomain=yes forward-to=localhost
/ip dns static add name=adultmult.tv type=FWD address-list=allow-domains match-subdomain=yes forward-to=localhost
/ip dns static add name=affinity.studio type=FWD address-list=allow-domains match-subdomain=yes forward-to=localhost
/ip dns static add name=agents.media type=FWD address-list=allow-domains match-subdomain=yes forward-to=localhost
/ip dns static add name=ahrefs.com type=FWD address-list=allow-domains match-subdomain=yes forward-to=localhost
/ip dns static add name=ai-chat.bsg.brave.com type=FWD address-list=allow-domains match-subdomain=yes forward-to=localhost
/ip dns static add name=ai.com type=FWD address-list=allow-domains match-subdomain=yes forward-to=localhost
/ip dns static add name=aircanada.com type=FWD address-list=allow-domains match-subdomain=yes forward-to=localhost
/ip dns static add name=akc.org type=FWD address-list=allow-domains match-subdomain=yes forward-to=localhost
/ip dns static add name=all3dp.com type=FWD address-list=allow-domains match-subdomain=yes forward-to=localhost
/ip dns static add name=allegro.pl type=FWD address-list=allow-domains match-subdomain=yes forward-to=localhost
/ip dns static add name=alphacoders.com type=FWD address-list=allow-domains match-subdomain=yes forward-to=localhost
/ip dns static add name=alza.hu type=FWD address-list=allow-domains match-subdomain=yes forward-to=localhost
/ip dns static add name=amazfitwatchfaces.com type=FWD address-list=allow-domains match-subdomain=yes forward-to=localhost
/ip dns static add name=amdm.ru type=FWD address-list=allow-domains match-subdomain=yes forward-to=localhost
/ip dns static add name=amedia.site type=FWD address-list=allow-domains match-subdomain=yes forward-to=localhost
/ip dns static add name=amnezia.org type=FWD address-list=allow-domains match-subdomain=yes forward-to=localhost
/ip dns static add name=amplitude.com type=FWD address-list=allow-domains match-subdomain=yes forward-to=localhost
/ip dns static add name=amx.com type=FWD address-list=allow-domains match-subdomain=yes forward-to=localhost
/ip dns static add name=analog.com type=FWD address-list=allow-domains match-subdomain=yes forward-to=localhost
/ip dns static add name=andrevi.ch type=FWD address-list=allow-domains match-subdomain=yes forward-to=localhost
/ip dns static add name=anidub.com type=FWD address-list=allow-domains match-subdomain=yes forward-to=localhost
/ip dns static add name=anilib.me type=FWD address-list=allow-domains match-subdomain=yes forward-to=localhost
/ip dns static add name=anilibria.org type=FWD address-list=allow-domains match-subdomain=yes forward-to=localhost
/ip dns static add name=anilibria.tv type=FWD address-list=allow-domains match-subdomain=yes forward-to=localhost
/ip dns static add name=anilibria.uno type=FWD address-list=allow-domains match-subdomain=yes forward-to=localhost
/ip dns static add name=anilibria.wtf type=FWD address-list=allow-domains match-subdomain=yes forward-to=localhost
/ip dns static add name=animaunt.org type=FWD address-list=allow-domains match-subdomain=yes forward-to=localhost
/ip dns static add name=anime-portal.su type=FWD address-list=allow-domains match-subdomain=yes forward-to=localhost
/ip dns static add name=animebest.org type=FWD address-list=allow-domains match-subdomain=yes forward-to=localhost
/ip dns static add name=animedia.tv type=FWD address-list=allow-domains match-subdomain=yes forward-to=localhost
/ip dns static add name=animego.org type=FWD address-list=allow-domains match-subdomain=yes forward-to=localhost
/ip dns static add name=animespirit.ru type=FWD address-list=allow-domains match-subdomain=yes forward-to=localhost
/ip dns static add name=anistar.org type=FWD address-list=allow-domains match-subdomain=yes forward-to=localhost
/ip dns static add name=anistars.ru type=FWD address-list=allow-domains match-subdomain=yes forward-to=localhost
/ip dns static add name=annas-archive.org type=FWD address-list=allow-domains match-subdomain=yes forward-to=localhost
/ip dns static add name=ansys.com type=FWD address-list=allow-domains match-subdomain=yes forward-to=localhost
/ip dns static add name=anthropic.com type=FWD address-list=allow-domains match-subdomain=yes forward-to=localhost
/ip dns static add name=any.do type=FWD address-list=allow-domains match-subdomain=yes forward-to=localhost
/ip dns static add name=aol.com type=FWD address-list=allow-domains match-subdomain=yes forward-to=localhost
/ip dns static add name=api.jetbrains.ai type=FWD address-list=allow-domains match-subdomain=yes forward-to=localhost
/ip dns static add name=api.service-kp.com type=FWD address-list=allow-domains match-subdomain=yes forward-to=localhost
/ip dns static add name=api.theins.info type=FWD address-list=allow-domains match-subdomain=yes forward-to=localhost
/ip dns static add name=api.themoviedb.org type=FWD address-list=allow-domains match-subdomain=yes forward-to=localhost
/ip dns static add name=apkmirror.com type=FWD address-list=allow-domains match-subdomain=yes forward-to=localhost
/ip dns static add name=app.zerossl.com type=FWD address-list=allow-domains match-subdomain=yes forward-to=localhost
/ip dns static add name=arbat.media type=FWD address-list=allow-domains match-subdomain=yes forward-to=localhost
/ip dns static add name=arc.net type=FWD address-list=allow-domains match-subdomain=yes forward-to=localhost
/ip dns static add name=archive.ph type=FWD address-list=allow-domains match-subdomain=yes forward-to=localhost
/ip dns static add name=archiveofourown.org type=FWD address-list=allow-domains match-subdomain=yes forward-to=localhost
/ip dns static add name=arduino.cc type=FWD address-list=allow-domains match-subdomain=yes forward-to=localhost
/ip dns static add name=as6723.net type=FWD address-list=allow-domains match-subdomain=yes forward-to=localhost
/ip dns static add name=assets.heroku.com type=FWD address-list=allow-domains match-subdomain=yes forward-to=localhost
/ip dns static add name=atlassian.com type=FWD address-list=allow-domains match-subdomain=yes forward-to=localhost
/ip dns static add name=atn.ua type=FWD address-list=allow-domains match-subdomain=yes forward-to=localhost
/ip dns static add name=att.com type=FWD address-list=allow-domains match-subdomain=yes forward-to=localhost
/ip dns static add name=attachments.f95zone.to type=FWD address-list=allow-domains match-subdomain=yes forward-to=localhost
/ip dns static add name=atv4.dnskp.cc type=FWD address-list=allow-domains match-subdomain=yes forward-to=localhost
/ip dns static add name=audiobookbay.lu type=FWD address-list=allow-domains match-subdomain=yes forward-to=localhost
/ip dns static add name=augmentcode.com type=FWD address-list=allow-domains match-subdomain=yes forward-to=localhost
/ip dns static add name=autodesk.com type=FWD address-list=allow-domains match-subdomain=yes forward-to=localhost
/ip dns static add name=avira.com type=FWD address-list=allow-domains match-subdomain=yes forward-to=localhost
/ip dns static add name=azathabar.com type=FWD address-list=allow-domains match-subdomain=yes forward-to=localhost
/ip dns static add name=azattyq.org type=FWD address-list=allow-domains match-subdomain=yes forward-to=localhost
/ip dns static add name=babook.org type=FWD address-list=allow-domains match-subdomain=yes forward-to=localhost
/ip dns static add name=baginya.org type=FWD address-list=allow-domains match-subdomain=yes forward-to=localhost
/ip dns static add name=baikal-journal.ru type=FWD address-list=allow-domains match-subdomain=yes forward-to=localhost
/ip dns static add name=bato.to type=FWD address-list=allow-domains match-subdomain=yes forward-to=localhost
/ip dns static add name=bbc.co.uk type=FWD address-list=allow-domains match-subdomain=yes forward-to=localhost
/ip dns static add name=bbc.com type=FWD address-list=allow-domains match-subdomain=yes forward-to=localhost
/ip dns static add name=bbci.co.uk type=FWD address-list=allow-domains match-subdomain=yes forward-to=localhost
/ip dns static add name=bcbits.com type=FWD address-list=allow-domains match-subdomain=yes forward-to=localhost
/ip dns static add name=bell-sw.com type=FWD address-list=allow-domains match-subdomain=yes forward-to=localhost
/ip dns static add name=bellingcat.com type=FWD address-list=allow-domains match-subdomain=yes forward-to=localhost
/ip dns static add name=bestbuy.com type=FWD address-list=allow-domains match-subdomain=yes forward-to=localhost
/ip dns static add name=bestchange.ru type=FWD address-list=allow-domains match-subdomain=yes forward-to=localhost
/ip dns static add name=bihus.info type=FWD address-list=allow-domains match-subdomain=yes forward-to=localhost
/ip dns static add name=bitdefender.com type=FWD address-list=allow-domains match-subdomain=yes forward-to=localhost
